Microchip MPLAB XC8 Compiler V2.41

Linker command line:

-W-3 \
  --edf=C:\Program Files\Microchip\xc8\v2.41\pic\dat\20230208172133_en.msgs \
  -cn -h+dist/default/production\Project.production.sym \
  --cmf=dist/default/production\Project.production.cmf -z -Q18F4620 \
  -oC:\Users\hfcs\AppData\Local\Temp\xcAs4i8.\driver_tmp_3.o \
  --defsym=__MPLAB_BUILD=1 --fixupoverflow=error \
  -Mdist/default/production/Project.production.map \
  --md=C:\Users\hfcs\AppData\Local\Temp\xcAs4i8.\driver_tmp_0.dat -E1 \
  -ver=XC8 Compiler --acfsm=1493 -ACODE=00h-0FFFFh -ACONST=00h-0FFFFh \
  -ASMALLCONST=01000h-010FFhx240 -AMEDIUMCONST=01000h-0FFFFh \
  -ACOMRAM=01h-07Fh -AABS1=00h-0F7Fh -ABIGRAM=01h-0F7Fh \
  -ARAM=080h-0FFh,0100h-01FFhx14,0F00h-0F7Fh -ABANK0=080h-0FFh \
  -ABANK1=0100h-01FFh -ABANK2=0200h-02FFh -ABANK3=0300h-03FFh \
  -ABANK4=0400h-04FFh -ABANK5=0500h-05FFh -ABANK6=0600h-06FFh \
  -ABANK7=0700h-07FFh -ABANK8=0800h-08FFh -ABANK9=0900h-09FFh \
  -ABANK10=0A00h-0AFFh -ABANK11=0B00h-0BFFh -ABANK12=0C00h-0CFFh \
  -ABANK13=0D00h-0DFFh -ABANK14=0E00h-0EFFh -ABANK15=0F00h-0F7Fh \
  -ASFR=0F80h-0FFFh -ABIGSFR=0F80h-0FFFh -ACONFIG=0300000h-030000Dh \
  -AIDLOC=0200000h-0200007h -AEEDATA=0F00000h-0F003FFh -peeprom_data=EEDATA \
  -preset_vec=00h,intcode=08h,intcodelo,powerup,init -pramtop=01000h \
  -psmallconst=SMALLCONST -pmediumconst=MEDIUMCONST -pconst=CONST \
  -AFARRAM=00h-00h \
  -prdata=COMRAM,nvrram=COMRAM,nvbit=COMRAM,rbss=COMRAM,rbit=COMRAM \
  -pfarbss=FARRAM,fardata=FARRAM,nvFARRAM=FARRAM \
  -pintsave_regs=BIGRAM,bigbss=BIGRAM,bigdata=BIGRAM -pbss=RAM \
  -pidata=CODE,irdata=CODE,ibigdata=CODE,ifardata=CODE -prparam=COMRAM \
  C:\Users\hfcs\AppData\Local\Temp\xcAs4i8.\driver_tmp_9.o \
  dist/default/production\Project.production.o 

Object code version is 3.11

Machine type is 18F4620



                Name                               Link     Load   Length Selector   Space Scale
C:\Users\hfcs\AppData\Local\Temp\xcAs4i8.\driver_tmp_9.o
                idloc                            200000   200000        8        0       5
                config                           300000   300000        E        0       4
                init                                  E        E        4        4       0
                reset_vec                             0        0        4        0       0
dist/default/production\Project.production.o
                intcode                               8        8        6        4       0
                idloc                            200000   200000        8        0       5
                config                           300000   300000        E        0       4
                temp                                 7C       7C        1        1       1
                smallconst                         1000     1000       16      800       0
                text34                             2C3A     2C3A        4     160F       0
                text33                             2C36     2C36        4     160F       0
                text32                             2C32     2C32        4     160F       0
                text31                             2C2E     2C2E        4     160F       0
                text30                             2C2A     2C2A        4     160F       0
                text29                             2C26     2C26        4     160F       0
                text28                             2C22     2C22        4     160F       0
                text27                             2AA4     2AA4       3C      80B       0
                text26                             2B52     2B52       30     158E       0
                text25                             2BD0     2BD0       1A     158E       0
                text24                             2BB6     2BB6       1A     158E       0
                text23                             2B9C     2B9C       1A     158E       0
                text22                             2B82     2B82       1A     158E       0
                text21                             2C3E     2C3E        2     160F       0
                text20                             2C04     2C04        C     158E       0
                text19                             2BF8     2BF8        C     158E       0
                text18                             2C10     2C10        8     158E       0
                text17                             2BEA     2BEA        E     158E       0
                text16                             2C1E     2C1E        4     160F       0
                intcode_body                       1900     1900      3F8      80B       0
                text14                             2B1C     2B1C       36     158E       0
                text13                             1016     1016      4C0      80B       0
                text12                             1CF8     1CF8      39A      80B       0
                text11                             14D6     14D6      42A      80B       0
                text10                             2628     2628      106      80B       0
                text9                              2092     2092      1B4      80B       0
                text8                              272E     272E       C2      80B       0
                text7                              2246     2246      172      80B       0
                text6                              23B8     23B8      144      80B       0
                text5                              24FC     24FC      12C      80B       0
                text4                              29D6     29D6       6C      80B       0
                text3                              286E     286E       7C      80B       0
                text2                              2960     2960       76      80B       0
                text1                              28EA     28EA       76      80B       0
                text0                              27F0     27F0       7E      80B       0
                cstackCOMRAM                          1        1       65        1       1
                cstackBANK0                          EF       EF        2       80       1
                dataBANK0                            80       80       3B       80       1
                bssBANK0                             BB       BB       34       80       1
                dataCOMRAM                           77       77        5        1       1
                bssCOMRAM                            66       66       11        1       1
                cinit                              2A42     2A42       62      80B       0
                idataBANK0                         2AE0     2AE0       3B      80B       0
                idataCOMRAM                        2C18     2C18        5     158E       0

TOTAL           Name                               Link     Load   Length     Space
        CLASS   CODE           
                intcode                               8        8        6         0
                init                                  E        E        4         0
                reset_vec                             0        0        4         0
                text34                             2C3A     2C3A        4         0
                text33                             2C36     2C36        4         0
                text32                             2C32     2C32        4         0
                text31                             2C2E     2C2E        4         0
                text30                             2C2A     2C2A        4         0
                text29                             2C26     2C26        4         0
                text28                             2C22     2C22        4         0
                text27                             2AA4     2AA4       3C         0
                text26                             2B52     2B52       30         0
                text25                             2BD0     2BD0       1A         0
                text24                             2BB6     2BB6       1A         0
                text23                             2B9C     2B9C       1A         0
                text22                             2B82     2B82       1A         0
                text21                             2C3E     2C3E        2         0
                text20                             2C04     2C04        C         0
                text19                             2BF8     2BF8        C         0
                text18                             2C10     2C10        8         0
                text17                             2BEA     2BEA        E         0
                text16                             2C1E     2C1E        4         0
                intcode_body                       1900     1900      3F8         0
                text14                             2B1C     2B1C       36         0
                text13                             1016     1016      4C0         0
                text12                             1CF8     1CF8      39A         0
                text11                             14D6     14D6      42A         0
                text10                             2628     2628      106         0
                text9                              2092     2092      1B4         0
                text8                              272E     272E       C2         0
                text7                              2246     2246      172         0
                text6                              23B8     23B8      144         0
                text5                              24FC     24FC      12C         0
                text4                              29D6     29D6       6C         0
                text3                              286E     286E       7C         0
                text2                              2960     2960       76         0
                text1                              28EA     28EA       76         0
                text0                              27F0     27F0       7E         0
                cinit                              2A42     2A42       62         0
                idataBANK0                         2AE0     2AE0       3B         0
                idataCOMRAM                        2C18     2C18        5         0

        CLASS   CONST          

        CLASS   SMALLCONST     
                smallconst                         1000     1000       16         0

        CLASS   MEDIUMCONST    

        CLASS   COMRAM         
                temp                                 7C       7C        1         1
                cstackCOMRAM                          1        1       65         1
                dataCOMRAM                           77       77        5         1
                bssCOMRAM                            66       66       11         1

        CLASS   ABS1           

        CLASS   BIGRAM         

        CLASS   RAM            

        CLASS   BANK0          
                cstackBANK0                          EF       EF        2         1
                dataBANK0                            80       80       3B         1
                bssBANK0                             BB       BB       34         1

        CLASS   BANK1          

        CLASS   BANK2          

        CLASS   BANK3          

        CLASS   BANK4          

        CLASS   BANK5          

        CLASS   BANK6          

        CLASS   BANK7          

        CLASS   BANK8          

        CLASS   BANK9          

        CLASS   BANK10         

        CLASS   BANK11         

        CLASS   BANK12         

        CLASS   BANK13         

        CLASS   BANK14         

        CLASS   BANK15         

        CLASS   SFR            

        CLASS   BIGSFR         

        CLASS   CONFIG         
                config                           300000   300000        E         4

        CLASS   IDLOC          
                idloc                            200000   200000        8         5

        CLASS   EEDATA         

        CLASS   FARRAM         

        CLASS   HEAP           

        CLASS   STACK          



SEGMENTS        Name                           Load    Length   Top    Selector   Space  Class

                reset_vec                      000000  000004  000004         0       0  CODE    
                cstackCOMRAM                   000001  00007C  00007D         1       1  COMRAM  
                intcode                        000008  00000A  000012         4       0  CODE    
                dataBANK0                      000080  000071  0000F1        80       1  BANK0   
                smallconst                     001000  000016  001016       800       0  SMALLCON
                text13                         001016  001B05  002B1B       80B       0  CODE    
                text14                         002B1C  000101  002C1D      158E       0  CODE    
                text16                         002C1E  000022  002C40      160F       0  CODE    


UNUSED ADDRESS RANGES

        Name                Unused          Largest block    Delta
        BANK0            0000F1-0000FF                F
        BANK1            000100-0001FF              100
        BANK10           000A00-000AFF              100
        BANK11           000B00-000BFF              100
        BANK12           000C00-000CFF              100
        BANK13           000D00-000DFF              100
        BANK14           000E00-000EFF              100
        BANK15           000F00-000F7F               80
        BANK2            000200-0002FF              100
        BANK3            000300-0003FF              100
        BANK4            000400-0004FF              100
        BANK5            000500-0005FF              100
        BANK6            000600-0006FF              100
        BANK7            000700-0007FF              100
        BANK8            000800-0008FF              100
        BANK9            000900-0009FF              100
        BIGRAM           00007D-00007F                3
                         0000F1-000F7F              E8F
        BIGSFR           000F80-000FFF               80
        CODE             000004-000007                4
                         000012-000FFF              FEE
                         002B1B-002B1B                1
                         002C1D-002C1D                1
                         002C40-00FFFF             D3C0
        COMRAM           00007D-00007F                3
        CONST            000004-000007                4
                         000012-000FFF              FEE
                         002B1B-002B1B                1
                         002C1D-002C1D                1
                         002C40-00FFFF             D3C0
        EEDATA           F00000-F003FF              400
        MEDIUMCONST      002B1B-002B1B                1
                         002C1D-002C1D                1
                         002C40-00FFFF             D3C0
        RAM              0000F1-000F7F              100
        SFR              000F80-000FFF               80
        SMALLCONST       002B1B-002B1B                1
                         002C1D-002C1D                1
                         002C40-00FFFF              100

                                  Symbol Table

?___fladd                                 cstackCOMRAM 000044
?___fldiv                                 cstackCOMRAM 00002B
?___flmul                                 cstackCOMRAM 000012
?___fltol                                 cstackCOMRAM 000054
?___xxtofl                                cstackCOMRAM 000004
MSSP_I2c_Init@i2c_obj                     cstackCOMRAM 000062
MSSP_I2c_Init@ret                         cstackCOMRAM 000065
MSSP_I2c_Interrupt_Configuration@i2c_obj  cstackCOMRAM 000004
Master_Mode_Clk_Configuration@i2c_obj     cstackCOMRAM 00005E
RB4_ISR@RB4_Source                        cstackCOMRAM 000001
RB5_ISR@RB5_Source                        cstackCOMRAM 000001
RB6_ISR@RB6_Source                        cstackCOMRAM 000001
RB7_ISR@RB7_Source                        cstackCOMRAM 000001
_ADCON0bits                               (abs)        000FC2
_ADCON1bits                               (abs)        000FC1
_ADCON2bits                               (abs)        000FC0
_ADC_ISR                                  text34       002C3A
_ADRES                                    (abs)        000FC3
_ADRESH                                   (abs)        000FC4
_ADRESL                                   (abs)        000FC3
_BAUDCONbits                              (abs)        000FB8
_CCP1CONbits                              (abs)        000FBD
_CCP1InterruptHandler                     bssBANK0     0000EB
_CCP1_ISR                                 text33       002C36
_CCP2CONbits                              (abs)        000FBA
_CCP2InterruptHandler                     bssBANK0     0000E9
_CCP2_ISR                                 text32       002C32
_CCPR1L                                   (abs)        000FBE
_CCPR2L                                   (abs)        000FBB
_DefautInterruptHandler                   text27       002AA4
_EEADR                                    (abs)        000FA9
_EEADRH                                   (abs)        000FAA
_EECON1bits                               (abs)        000FA6
_EECON2                                   (abs)        000FA7
_EEDATA                                   (abs)        000FA8
_EUSART_FrameErrorHandler                 bssBANK0     0000C3
_EUSART_OverrunErrorHandler               bssBANK0     0000C1
_EUSART_RxInterruptHandler                bssBANK0     0000C5
_EUSART_TxInterruptHandler                bssBANK0     0000C7
_INT0_ISR                                 text31       002C2E
_INT0_InterruptHandler                    bssBANK0     0000E7
_INT1_ISR                                 text30       002C2A
_INT1_InterruptHandler                    bssBANK0     0000E5
_INT2_ISR                                 text29       002C26
_INT2_InterruptHandler                    bssBANK0     0000E3
_INTCON2bits                              (abs)        000FF1
_INTCON3bits                              (abs)        000FF0
_INTCONbits                               (abs)        000FF2
_InterruptManager                         intcode      000008
_Interrupt_handler                        bssBANK0     0000ED
_LATA                                     (abs)        000F89
_LATB                                     (abs)        000F8A
_LATC                                     (abs)        000F8B
_LATD                                     (abs)        000F8C
_LATE                                     (abs)        000F8D
_MSSP_I2C_COL_ISR                         text28       002C22
_MSSP_I2C_ISR                             text26       002B52
_MSSP_I2cMasterInterruptHandler           bssBANK0     0000BD
_MSSP_I2cMaster_receiver_overflow         bssBANK0     0000BF
_MSSP_I2c_Init                            text7        002246
_MSSP_I2c_Interrupt_Configuration         text14       002B1C
_MSSP_i2c_report_write_collision          bssBANK0     0000BB
_Master_Mode_Clk_Configuration            text8        00272E
_PIE1bits                                 (abs)        000F9D
_PIE2bits                                 (abs)        000FA0
_PIR1bits                                 (abs)        000F9E
_PIR2bits                                 (abs)        000FA1
_PORTA                                    (abs)        000F80
_PORTB                                    (abs)        000F81
_PORTBbits                                (abs)        000F81
_PORTC                                    (abs)        000F82
_PORTD                                    (abs)        000F83
_PORTE                                    (abs)        000F84
_PR2                                      (abs)        000FCB
_RB4_Flag                                 dataCOMRAM   00007A
_RB4_ISR                                  text25       002BD0
_RB4_InterruptHandler_High                bssBANK0     0000E1
_RB4_InterruptHandler_Low                 bssBANK0     0000DF
_RB5_Flag                                 dataCOMRAM   000079
_RB5_ISR                                  text24       002BB6
_RB5_InterruptHandler_High                bssBANK0     0000DD
_RB5_InterruptHandler_Low                 bssBANK0     0000DB
_RB6_Flag                                 dataCOMRAM   000078
_RB6_ISR                                  text23       002B9C
_RB6_InterruptHandler_High                bssBANK0     0000D9
_RB6_InterruptHandler_Low                 bssBANK0     0000D7
_RB7_Flag                                 dataCOMRAM   000077
_RB7_ISR                                  text22       002B82
_RB7_InterruptHandler_High                bssBANK0     0000D5
_RB7_InterruptHandler_Low                 bssBANK0     0000D3
_RCREG                                    (abs)        000FAE
_RCSTAbits                                (abs)        000FAB
_Rx_ISR                                   text21       002C3E
_SPBRG                                    (abs)        000FAF
_SPBRGH                                   (abs)        000FB0
_SSPADD                                   (abs)        000FC8
_SSPBUF                                   (abs)        000FC9
_SSPCON1bits                              (abs)        000FC6
_SSPCON2bits                              (abs)        000FC5
_SSPSTATbits                              (abs)        000FC7
_T0CONbits                                (abs)        000FD5
_T1CONbits                                (abs)        000FCD
_T2CONbits                                (abs)        000FCA
_T3CONbits                                (abs)        000FB1
_TIMER0_ISR                               text20       002C04
_TIMER1_ISR                               text19       002BF8
_TIMER2_ISR                               text18       002C10
_TIMER3_ISR                               text17       002BEA
_TMR0H                                    (abs)        000FD7
_TMR0L                                    (abs)        000FD6
_TMR1H                                    (abs)        000FCF
_TMR1L                                    (abs)        000FCE
_TMR2                                     (abs)        000FCC
_TMR3H                                    (abs)        000FB3
_TMR3L                                    (abs)        000FB2
_TRISA                                    (abs)        000F92
_TRISB                                    (abs)        000F93
_TRISC                                    (abs)        000F94
_TRISCbits                                (abs)        000F94
_TRISD                                    (abs)        000F95
_TRISE                                    (abs)        000F96
_TXREG                                    (abs)        000FAD
_TXSTAbits                                (abs)        000FAC
_Timer0InterruptHandler                   bssBANK0     0000D1
_Timer1InterruptHandler                   bssBANK0     0000CF
_Timer2InterruptHandler                   bssBANK0     0000CD
_Timer3InterruptHandler                   bssBANK0     0000CB
_Tx_ISR                                   text16       002C1E
__HRAM                                    (abs)        000000
__H__absolute__                           __absolute__ 000000
__Habs1                                   abs1         000000
__Hbank0                                  bank0        000000
__Hbank1                                  bank1        000000
__Hbank10                                 bank10       000000
__Hbank11                                 bank11       000000
__Hbank12                                 bank12       000000
__Hbank13                                 bank13       000000
__Hbank14                                 bank14       000000
__Hbank15                                 bank15       000000
__Hbank2                                  bank2        000000
__Hbank3                                  bank3        000000
__Hbank4                                  bank4        000000
__Hbank5                                  bank5        000000
__Hbank6                                  bank6        000000
__Hbank7                                  bank7        000000
__Hbank8                                  bank8        000000
__Hbank9                                  bank9        000000
__Hbigbss                                 bigbss       000000
__Hbigdata                                bigdata      000000
__Hbigram                                 bigram       000000
__Hbigsfr                                 bigsfr       000000
__Hbss                                    bss          000000
__HbssBANK0                               bssBANK0     000000
__HbssCOMRAM                              bssCOMRAM    000000
__Hcinit                                  cinit        000000
__Hclrtext                                clrtext      000000
__Hcomram                                 comram       000000
__Hconfig                                 config       30000E
__Hconst                                  const        000000
__HcstackBANK0                            cstackBANK0  000000
__HcstackCOMRAM                           cstackCOMRAM 000000
__Hdata                                   data         000000
__HdataBANK0                              dataBANK0    000000
__HdataCOMRAM                             dataCOMRAM   000000
__Heeprom_data                            eeprom_data  000000
__Hfarbss                                 farbss       000000
__Hfardata                                fardata      000000
__Hheap                                   heap         000000
__Hibigdata                               ibigdata     000000
__Hidata                                  idata        000000
__HidataBANK0                             idataBANK0   000000
__HidataCOMRAM                            idataCOMRAM  000000
__Hidloc                                  idloc        200008
__Hifardata                               ifardata     000000
__Hinit                                   init         000012
__Hintcode                                intcode      00000E
__Hintcode_body                           intcode_body 000000
__Hintcodelo                              intcodelo    00000E
__Hintentry                               intentry     000000
__Hintret                                 intret       000000
__Hintsave_regs                           intsave_regs 000000
__Hirdata                                 irdata       000000
__Hmediumconst                            mediumconst  000000
__HnvFARRAM                               nvFARRAM     000000
__Hnvbit                                  nvbit        000000
__Hnvrram                                 nvrram       000000
__Hparam                                  rparam       000000
__Hpowerup                                powerup      00000E
__Hram                                    ram          000000
__Hramtop                                 ramtop       001000
__Hrbit                                   rbit         000000
__Hrbss                                   rbss         000000
__Hrdata                                  rdata        000000
__Hreset_vec                              reset_vec    000004
__Hrparam                                 rparam       000000
__Hsfr                                    sfr          000000
__Hsmallconst                             smallconst   001016
__Hspace_0                                (abs)        002C40
__Hspace_1                                (abs)        0000F1
__Hspace_2                                (abs)        000000
__Hspace_4                                (abs)        60000E
__Hstack                                  stack        000000
__Hstruct                                 struct       000000
__Htemp                                   temp         00007D
__Htext                                   text         000000
__Htext0                                  text0        000000
__Htext1                                  text1        000000
__Htext10                                 text10       000000
__Htext11                                 text11       000000
__Htext12                                 text12       000000
__Htext13                                 text13       000000
__Htext14                                 text14       000000
__Htext16                                 text16       000000
__Htext17                                 text17       000000
__Htext18                                 text18       000000
__Htext19                                 text19       000000
__Htext2                                  text2        000000
__Htext20                                 text20       000000
__Htext21                                 text21       000000
__Htext22                                 text22       000000
__Htext23                                 text23       000000
__Htext24                                 text24       000000
__Htext25                                 text25       000000
__Htext26                                 text26       000000
__Htext27                                 text27       000000
__Htext28                                 text28       000000
__Htext29                                 text29       000000
__Htext3                                  text3        000000
__Htext30                                 text30       000000
__Htext31                                 text31       000000
__Htext32                                 text32       000000
__Htext33                                 text33       000000
__Htext34                                 text34       000000
__Htext35                                 text35       000000
__Htext4                                  text4        000000
__Htext5                                  text5        000000
__Htext6                                  text6        000000
__Htext7                                  text7        000000
__Htext8                                  text8        000000
__Htext9                                  text9        000000
__LRAM                                    (abs)        000001
__L__absolute__                           __absolute__ 000000
__Labs1                                   abs1         000000
__Lbank0                                  bank0        000000
__Lbank1                                  bank1        000000
__Lbank10                                 bank10       000000
__Lbank11                                 bank11       000000
__Lbank12                                 bank12       000000
__Lbank13                                 bank13       000000
__Lbank14                                 bank14       000000
__Lbank15                                 bank15       000000
__Lbank2                                  bank2        000000
__Lbank3                                  bank3        000000
__Lbank4                                  bank4        000000
__Lbank5                                  bank5        000000
__Lbank6                                  bank6        000000
__Lbank7                                  bank7        000000
__Lbank8                                  bank8        000000
__Lbank9                                  bank9        000000
__Lbigbss                                 bigbss       000000
__Lbigdata                                bigdata      000000
__Lbigram                                 bigram       000000
__Lbigsfr                                 bigsfr       000000
__Lbss                                    bss          000000
__LbssBANK0                               bssBANK0     000000
__LbssCOMRAM                              bssCOMRAM    000000
__Lcinit                                  cinit        000000
__Lclrtext                                clrtext      000000
__Lcomram                                 comram       000000
__Lconfig                                 config       000000
__Lconst                                  const        000000
__LcstackBANK0                            cstackBANK0  000000
__LcstackCOMRAM                           cstackCOMRAM 000000
__Ldata                                   data         000000
__LdataBANK0                              dataBANK0    000000
__LdataCOMRAM                             dataCOMRAM   000000
__Leeprom_data                            eeprom_data  000000
__Lfarbss                                 farbss       000000
__Lfardata                                fardata      000000
__Lheap                                   heap         000000
__Libigdata                               ibigdata     000000
__Lidata                                  idata        000000
__LidataBANK0                             idataBANK0   000000
__LidataCOMRAM                            idataCOMRAM  000000
__Lidloc                                  idloc        000000
__Lifardata                               ifardata     000000
__Linit                                   init         00000E
__Lintcode                                intcode      000008
__Lintcode_body                           intcode_body 000000
__Lintcodelo                              intcodelo    00000E
__Lintentry                               intentry     000000
__Lintret                                 intret       000000
__Lintsave_regs                           intsave_regs 000000
__Lirdata                                 irdata       000000
__Lmediumconst                            mediumconst  000000
__LnvFARRAM                               nvFARRAM     000000
__Lnvbit                                  nvbit        000000
__Lnvrram                                 nvrram       000000
__Lparam                                  rparam       000000
__Lpowerup                                powerup      00000E
__Lram                                    ram          000000
__Lramtop                                 ramtop       001000
__Lrbit                                   rbit         000000
__Lrbss                                   rbss         000000
__Lrdata                                  rdata        000000
__Lreset_vec                              reset_vec    000000
__Lrparam                                 rparam       000000
__Lsfr                                    sfr          000000
__Lsmallconst                             smallconst   001000
__Lspace_0                                (abs)        000000
__Lspace_1                                (abs)        000000
__Lspace_2                                (abs)        000000
__Lspace_4                                (abs)        000000
__Lstack                                  stack        000000
__Lstruct                                 struct       000000
__Ltemp                                   temp         00007C
__Ltext                                   text         000000
__Ltext0                                  text0        000000
__Ltext1                                  text1        000000
__Ltext10                                 text10       000000
__Ltext11                                 text11       000000
__Ltext12                                 text12       000000
__Ltext13                                 text13       000000
__Ltext14                                 text14       000000
__Ltext16                                 text16       000000
__Ltext17                                 text17       000000
__Ltext18                                 text18       000000
__Ltext19                                 text19       000000
__Ltext2                                  text2        000000
__Ltext20                                 text20       000000
__Ltext21                                 text21       000000
__Ltext22                                 text22       000000
__Ltext23                                 text23       000000
__Ltext24                                 text24       000000
__Ltext25                                 text25       000000
__Ltext26                                 text26       000000
__Ltext27                                 text27       000000
__Ltext28                                 text28       000000
__Ltext29                                 text29       000000
__Ltext3                                  text3        000000
__Ltext30                                 text30       000000
__Ltext31                                 text31       000000
__Ltext32                                 text32       000000
__Ltext33                                 text33       000000
__Ltext34                                 text34       000000
__Ltext35                                 text35       000000
__Ltext4                                  text4        000000
__Ltext5                                  text5        000000
__Ltext6                                  text6        000000
__Ltext7                                  text7        000000
__Ltext8                                  text8        000000
__Ltext9                                  text9        000000
__S0                                      (abs)        002C40
__S1                                      (abs)        0000F1
__S4                                      (abs)        000000
__S5                                      (abs)        000000
___fladd                                  text13       001016
___fladd@a                                cstackCOMRAM 000048
___fladd@aexp                             cstackCOMRAM 000051
___fladd@b                                cstackCOMRAM 000044
___fladd@bexp                             cstackCOMRAM 000052
___fladd@grs                              cstackCOMRAM 000053
___fladd@signs                            cstackCOMRAM 000050
___fldiv                                  text12       001CF8
___fldiv@a                                cstackCOMRAM 00002F
___fldiv@aexp                             cstackCOMRAM 000043
___fldiv@b                                cstackCOMRAM 00002B
___fldiv@bexp                             cstackCOMRAM 000042
___fldiv@grs                              cstackCOMRAM 00003E
___fldiv@new_exp                          cstackCOMRAM 00003C
___fldiv@rem                              cstackCOMRAM 000037
___fldiv@sign                             cstackCOMRAM 00003B
___flmul                                  text11       0014D6
___flmul@a                                cstackCOMRAM 000016
___flmul@aexp                             cstackCOMRAM 000023
___flmul@b                                cstackCOMRAM 000012
___flmul@bexp                             cstackCOMRAM 000024
___flmul@grs                              cstackCOMRAM 00001F
___flmul@prod                             cstackCOMRAM 000025
___flmul@sign                             cstackCOMRAM 00001E
___flmul@temp                             cstackCOMRAM 000029
___fltol                                  text10       002628
___fltol@exp1                             cstackCOMRAM 00005D
___fltol@f1                               cstackCOMRAM 000054
___fltol@sign1                            cstackCOMRAM 00005C
___heap_hi                                (abs)        000000
___heap_lo                                (abs)        000000
___inthi_sp                               stack        000000
___intlo_sp                               stack        000000
___param_bank                             (abs)        000000
___rparam_used                            (abs)        000001
___sp                                     stack        000000
___xxtofl                                 text9        002092
___xxtofl@arg                             cstackCOMRAM 00000E
___xxtofl@exp                             cstackCOMRAM 00000D
___xxtofl@sign                            cstackCOMRAM 00000C
___xxtofl@val                             cstackCOMRAM 000004
__accesstop                               (abs)        000080
__activetblptr                            (abs)        000003
__end_of_ADC_ISR                          text34       002C3E
__end_of_CCP1_ISR                         text33       002C3A
__end_of_CCP2_ISR                         text32       002C36
__end_of_DefautInterruptHandler           text27       002AE0
__end_of_INT0_ISR                         text31       002C32
__end_of_INT1_ISR                         text30       002C2E
__end_of_INT2_ISR                         text29       002C2A
__end_of_InterruptManager                 intcode_body 001CF8
__end_of_MSSP_I2C_COL_ISR                 text28       002C26
__end_of_MSSP_I2C_ISR                     text26       002B82
__end_of_MSSP_I2c_Init                    text7        0023B8
__end_of_MSSP_I2c_Interrupt_Configuration text14       002B52
__end_of_Master_Mode_Clk_Configuration    text8        0027F0
__end_of_RB4_ISR                          text25       002BEA
__end_of_RB5_ISR                          text24       002BD0
__end_of_RB6_ISR                          text23       002BB6
__end_of_RB7_ISR                          text22       002B9C
__end_of_Rx_ISR                           text21       002C40
__end_of_TIMER0_ISR                       text20       002C10
__end_of_TIMER1_ISR                       text19       002C04
__end_of_TIMER2_ISR                       text18       002C18
__end_of_TIMER3_ISR                       text17       002BF8
__end_of_Tx_ISR                           text16       002C22
__end_of___fladd                          text13       0014D6
__end_of___fldiv                          text12       002092
__end_of___flmul                          text11       001900
__end_of___fltol                          text10       00272E
__end_of___xxtofl                         text9        002246
__end_of__initialization                  cinit        002A9A
__end_of_btn_values                       smallconst   001011
__end_of_gpio_pin_direction_intialize     text6        0024FC
__end_of_gpio_pin_intialize               text4        002A42
__end_of_gpio_pin_write_logic             text5        002628
__end_of_led_initialize                   text3        0028EA
__end_of_led_turn_off                     text2        0029D6
__end_of_led_turn_on                      text1        002960
__end_of_main                             text0        00286E
__initialization                          cinit        002A42
__lcd1                                    dataBANK0    0000B5
__lcd2                                    dataBANK0    0000AB
__mediumconst                             mediumconst  000000
__pbssBANK0                               bssBANK0     0000BB
__pbssCOMRAM                              bssCOMRAM    000066
__pcinit                                  cinit        002A42
__pcstackBANK0                            cstackBANK0  0000EF
__pcstackCOMRAM                           cstackCOMRAM 000001
__pdataBANK0                              dataBANK0    000080
__pdataCOMRAM                             dataCOMRAM   000077
__pidataBANK0                             idataBANK0   002AE0
__pidataCOMRAM                            idataCOMRAM  002C18
__pintcode                                intcode      000008
__pintcode_body                           intcode_body 001900
__psmallconst                             smallconst   001000
__ptext0                                  text0        0027F0
__ptext1                                  text1        0028EA
__ptext10                                 text10       002628
__ptext11                                 text11       0014D6
__ptext12                                 text12       001CF8
__ptext13                                 text13       001016
__ptext14                                 text14       002B1C
__ptext16                                 text16       002C1E
__ptext17                                 text17       002BEA
__ptext18                                 text18       002C10
__ptext19                                 text19       002BF8
__ptext2                                  text2        002960
__ptext20                                 text20       002C04
__ptext21                                 text21       002C3E
__ptext22                                 text22       002B82
__ptext23                                 text23       002B9C
__ptext24                                 text24       002BB6
__ptext25                                 text25       002BD0
__ptext26                                 text26       002B52
__ptext27                                 text27       002AA4
__ptext28                                 text28       002C22
__ptext29                                 text29       002C26
__ptext3                                  text3        00286E
__ptext30                                 text30       002C2A
__ptext31                                 text31       002C2E
__ptext32                                 text32       002C32
__ptext33                                 text33       002C36
__ptext34                                 text34       002C3A
__ptext35                                 text35       000000
__ptext4                                  text4        0029D6
__ptext5                                  text5        0024FC
__ptext6                                  text6        0023B8
__ptext7                                  text7        002246
__ptext8                                  text8        00272E
__ptext9                                  text9        002092
__ramtop                                  ramtop       001000
__smallconst                              smallconst   001000
_ack_bit                                  bssCOMRAM    00006C
_gpio_pin_direction_intialize             text6        0023B8
_gpio_pin_intialize                       text4        0029D6
_gpio_pin_write_logic                     text5        0024FC
_i2c_obj                                  dataBANK0    00009E
_i2c_value2                               bssCOMRAM    00006B
_lat_registers                            dataBANK0    00008A
_led1                                     dataCOMRAM   00007B
_led_initialize                           text3        00286E
_led_turn_off                             text2        002960
_led_turn_on                              text1        0028EA
_main                                     text0        0027F0
_motor_pin1                               bssCOMRAM    000076
_motor_pin2                               bssCOMRAM    000075
_port_registers                           dataBANK0    000080
_rec_data                                 bssCOMRAM    00006A
_timer0_preload                           bssCOMRAM    000068
_timer1_preload                           bssCOMRAM    000066
_timer2_preload                           bssCOMRAM    00006D
_timer3_preload                           bssBANK0     0000C9
_tris_registers                           dataBANK0    000094
btemp                                     temp         00007C
end_of_initialization                     cinit        002A9A
gpio_pin_direction_intialize@_pin_config  cstackCOMRAM 000004
gpio_pin_direction_intialize@ret          cstackCOMRAM 00000C
gpio_pin_intialize@_pin_config            cstackCOMRAM 00000E
gpio_pin_intialize@ret                    cstackCOMRAM 000011
gpio_pin_write_logic@_pin_config          cstackCOMRAM 000004
gpio_pin_write_logic@logic                cstackCOMRAM 000006
gpio_pin_write_logic@ret                  cstackCOMRAM 00000D
int$flags                                 temp         00007C
int_func                                  intcode_body 001900
intlevel0                                 text         000000
intlevel1                                 text         000000
intlevel2                                 text         000000
intlevel3                                 text         000000
isa$std                                   (abs)        000001
isa$xinst                                 (abs)        000000
led_initialize@F3048                      bssCOMRAM    000074
led_initialize@led                        cstackCOMRAM 000012
led_initialize@pin_obj                    cstackCOMRAM 000016
led_initialize@ret                        cstackCOMRAM 000015
led_turn_off@F3058                        bssCOMRAM    000072
led_turn_off@led                          cstackCOMRAM 00000E
led_turn_off@pin_obj                      cstackCOMRAM 000011
led_turn_on@F3053                         bssCOMRAM    000073
led_turn_on@led                           cstackCOMRAM 00000E
led_turn_on@pin_obj                       cstackCOMRAM 000011
led_turn_toggle@F3063                     bssCOMRAM    000071
relay_initialize@F3050                    bssCOMRAM    000070
relay_turn_off@F3064                      bssCOMRAM    00006E
relay_turn_on@F3057                       bssCOMRAM    00006F
stackhi                                   (abs)        000000
stacklo                                   (abs)        000000
start                                     init         00000E
start_initialization                      cinit        002A42
ttemp5                                    temp         00007D
ttemp6                                    temp         000080
ttemp7                                    temp         000084
wtemp8                                    temp         00007D


MODULE INFORMATION

Module		Function		Class		Link	Load	Size
C:\Program Files\Microchip\xc8\v2.41\pic\sources\c99\common\fltol.c
		___fltol       		CODE           	2628	0000	262

C:\Program Files\Microchip\xc8\v2.41\pic\sources\c99\common\fltol.c estimated size: 262

C:\Program Files\Microchip\xc8\v2.41\pic\sources\c99\common\xxtofl.c
		___xxtofl      		CODE           	2092	0000	436

C:\Program Files\Microchip\xc8\v2.41\pic\sources\c99\common\xxtofl.c estimated size: 436

MCAL_Layer/Usart/hal_usart.c
		_Rx_ISR        		CODE           	2C3E	0000	2
		_Tx_ISR        		CODE           	2C1E	0000	4

MCAL_Layer/Usart/hal_usart.c estimated size: 6

C:\Program Files\Microchip\xc8\v2.41\pic\sources\c99\common\sprcadd.c
		___fladd       		CODE           	1016	0000	1216

C:\Program Files\Microchip\xc8\v2.41\pic\sources\c99\common\sprcadd.c estimated size: 1216

MCAL_Layer/I2C/hal_i2c.c
		_MSSP_I2c_Interrupt_Configuration		CODE           	2B1C	0000	54
		_MSSP_I2C_ISR  		CODE           	2B52	0000	48
		_MSSP_I2c_Init 		CODE           	2246	0000	370
		_Master_Mode_Clk_Configuration		CODE           	272E	0000	194
		_MSSP_I2C_COL_ISR		CODE           	2C22	0000	4

MCAL_Layer/I2C/hal_i2c.c estimated size: 670

MCAL_Layer/CCP2/hal_ccp2.c
		_CCP2_ISR      		CODE           	2C32	0000	4

MCAL_Layer/CCP2/hal_ccp2.c estimated size: 4

shared
		_btn_values    		SMALLCONST     	0000	0000	0
		__initialization		CODE           	2A42	0000	88

shared estimated size: 88

MCAL_Layer/Interrupt/mcal_external_interrupt.c
		_RB4_ISR       		CODE           	2BD0	0000	26
		_RB5_ISR       		CODE           	2BB6	0000	26
		_RB6_ISR       		CODE           	2B9C	0000	26
		_RB7_ISR       		CODE           	2B82	0000	26
		_INT0_ISR      		CODE           	2C2E	0000	4
		_INT1_ISR      		CODE           	2C2A	0000	4
		_INT2_ISR      		CODE           	2C26	0000	4

MCAL_Layer/Interrupt/mcal_external_interrupt.c estimated size: 116

MCAL_Layer/ADC/hal_adc.c
		_ADC_ISR       		CODE           	2C3A	0000	4

MCAL_Layer/ADC/hal_adc.c estimated size: 4

MCAL_Layer/Interrupt/mcal_interrupt_manager.c
		_InterruptManager		CODE           	0008	0000	1022

MCAL_Layer/Interrupt/mcal_interrupt_manager.c estimated size: 1022

MCAL_Layer/GPIO/hal_gpio.c
		_gpio_pin_write_logic		CODE           	24FC	0000	300
		_gpio_pin_intialize		CODE           	29D6	0000	108
		_gpio_pin_direction_intialize		CODE           	23B8	0000	324

MCAL_Layer/GPIO/hal_gpio.c estimated size: 732

ECU_Layer/LED/ecu_led.c
		_led_initialize		CODE           	286E	0000	124
		_led_turn_on   		CODE           	28EA	0000	118
		_led_turn_off  		CODE           	2960	0000	118

ECU_Layer/LED/ecu_led.c estimated size: 360

MCAL_Layer/CCP1/hal_ccp1.c
		_CCP1_ISR      		CODE           	2C36	0000	4

MCAL_Layer/CCP1/hal_ccp1.c estimated size: 4

application.c
		_main          		CODE           	27F0	0000	126
		_DefautInterruptHandler		CODE           	2AA4	0000	60

application.c estimated size: 186

MCAL_Layer/Timer3/hal_timer3.c
		_TIMER3_ISR    		CODE           	2BEA	0000	14

MCAL_Layer/Timer3/hal_timer3.c estimated size: 14

MCAL_Layer/Timer2/hal_timer2.c
		_TIMER2_ISR    		CODE           	2C10	0000	8

MCAL_Layer/Timer2/hal_timer2.c estimated size: 8

C:\Program Files\Microchip\xc8\v2.41\pic\sources\c99\common\sprcmul.c
		___flmul       		CODE           	14D6	0000	1066

C:\Program Files\Microchip\xc8\v2.41\pic\sources\c99\common\sprcmul.c estimated size: 1066

MCAL_Layer/Timer1/hal_timer1.c
		_TIMER1_ISR    		CODE           	2BF8	0000	12

MCAL_Layer/Timer1/hal_timer1.c estimated size: 12

MCAL_Layer/Timer0/hal_timer0.c
		_TIMER0_ISR    		CODE           	2C04	0000	12

MCAL_Layer/Timer0/hal_timer0.c estimated size: 12

C:\Program Files\Microchip\xc8\v2.41\pic\sources\c99\common\sprcdiv.c
		___fldiv       		CODE           	1CF8	0000	922

C:\Program Files\Microchip\xc8\v2.41\pic\sources\c99\common\sprcdiv.c estimated size: 922

